app/about/page.tsx(7,28): error TS2307: Cannot find module '@/components/OurTeamSection' or its corresponding type declarations.
